Traceback (most recent call last):
  File "<string>", line 5, in <module>
  File "/root/.local/share/uv/python/cpython-3.11.15-linux-x86_64-gnu/lib/python3.11/asyncio/runners.py", line 190, in run
    return runner.run(main)
           ^^^^^^^^^^^^^^^^
  File "/root/.local/share/uv/python/cpython-3.11.15-linux-x86_64-gnu/lib/python3.11/asyncio/runners.py", line 118, in run
    return self._loop.run_until_complete(task)
           ^^^^^^^^^^^^^^^^^^^^^^^^^^^^^^^^^^^
  File "/root/.local/share/uv/python/cpython-3.11.15-linux-x86_64-gnu/lib/python3.11/asyncio/base_events.py", line 654, in run_until_complete
    return future.result()
           ^^^^^^^^^^^^^^^
  File "/root/artificial-consciousness-simulation-framework/consciousness-sim/core/consciousness.py", line 334, in run
    cycle = await self.thought_loop.run_cycle(self.thought_count)
            ^^^^^^^^^^^^^^^^^^^^^^^^^^^^^^^^^^^^^^^^^^^^^^^^^^^^^
  File "/root/artificial-consciousness-simulation-framework/consciousness-sim/core/thought_loop.py", line 129, in run_cycle
    related = await self.long_term.similarity_search(query_embedding, limit=3)
              ^^^^^^^^^^^^^^^^^^^^^^^^^^^^^^^^^^^^^^^^^^^^^^^^^^^^^^^^^^^^^^^^
  File "/root/artificial-consciousness-simulation-framework/consciousness-sim/memory/long_term.py", line 128, in similarity_search
    async with aiosqlite.connect(self.db_path) as db:
  File "/root/artificial-consciousness-simulation-framework/consciousness-sim/.venv/lib/python3.11/site-packages/aiosqlite/core.py", line 184, in __aexit__
    await self.close()
  File "/root/artificial-consciousness-simulation-framework/consciousness-sim/.venv/lib/python3.11/site-packages/aiosqlite/core.py", line 214, in close
    await future
asyncio.exceptions.CancelledError
